cwd: /var/folders/0r/lfhfy6314g5frp1hpbdzx0nc0000gp/T/plato-package-nw1oxalx
command: ["uv", "pip", "install", "--python", "/var/folders/0r/lfhfy6314g5frp1hpbdzx0nc0000gp/T/plato-package-nw1oxalx/environment/bin/python", "--constraint", "/private/tmp/plato-refresh-worktrees/docs-package-env-default/ci-artifacts/docs-package/runtime-constraints.txt", "/private/tmp/plato-refresh-worktrees/docs-package-env-default/ci-artifacts/docs-package/distributions/plato_learn-1.4.3-py3-none-any.whl"]
Using Python 3.13.16 environment at: /var/folders/0r/lfhfy6314g5frp1hpbdzx0nc0000gp/T/plato-package-nw1oxalx/environment
Resolved 80 packages in 5ms
Prepared 1 package in 22ms
Installed 80 packages in 402ms
 + accelerate==1.15.0
 + aiohappyeyeballs==2.7.1
 + aiohttp==3.14.3
 + aiosignal==1.4.0
 + annotated-doc==0.0.5
 + anyio==4.15.1
 + attrs==26.1.0
 + beautifulsoup4==4.15.0
 + bidict==0.24.1
 + boto3==1.43.106
 + botocore==1.43.106
 + certifi==2026.7.22
 + charset-normalizer==3.5.2
 + click==8.5.0
 + datasets==5.0.1
 + dill==0.4.1
 + evaluate==0.4.6
 + filelock==4.0.9
 + frozenlist==1.8.0
 + fsspec==2026.6.0
 + gdown==6.4.1
 + h11==0.16.0
 + hf-xet==1.6.0
 + httpcore==1.0.9
 + httpx==0.28.1
 + huggingface-hub==1.33.0
 + idna==3.20
 + jinja2==3.1.6
 + jmespath==1.1.0
 + markdown-it-py==4.2.0
 + markupsafe==3.0.3
 + mdurl==0.1.2
 + mpmath==1.3.0
 + multidict==6.9.1
 + multiprocess==0.70.19
 + munch==4.0.0
 + networkx==3.7
 + numpy==2.5.3
 + packaging==26.3
 + pandas==3.0.6
 + peft==0.21.2
 + pillow==12.3.0
 + plato-learn==1.4.3 (from file:///private/tmp/plato-refresh-worktrees/docs-package-env-default/ci-artifacts/docs-package/distributions/plato_learn-1.4.3-py3-none-any.whl)
 + propcache==0.5.4
 + psutil==7.2.2
 + pyarrow==25.0.1
 + pygments==2.21.0
 + pysocks==1.7.1
 + python-dateutil==2.9.0.post0
 + python-engineio==4.14.0
 + python-socketio==5.17.0
 + pytorch-ranger==0.1.1
 + pyyaml==6.0.3
 + regex==2026.9.29
 + requests==2.34.2
 + rich==15.0.0
 + s3transfer==0.19.2
 + safetensors==0.8.0
 + scipy==1.18.1
 + setuptools==84.0.0
 + shellingham==1.5.4
 + simple-websocket==1.1.0
 + six==1.17.0
 + soupsieve==2.10
 + sympy==1.14.0
 + tenseal==0.3.18
 + timm==1.0.30
 + tokenizers==0.23.2
 + torch==2.14.1
 + torch-optimizer==0.3.0
 + torchvision==0.29.1
 + tqdm==4.70.1
 + transformers==5.18.0
 + typer==0.27.2
 + typing-extensions==4.16.0
 + urllib3==2.8.0
 + wsproto==1.3.2
 + xxhash==4.0.1
 + yarl==1.25.1
 + zstd==1.5.7.2
