W1003 16:29:54.805000 25850 /private/tmp/plato-archive-author/environment/lib/python3.13/site-packages/torch/distributed/elastic/multiprocessing/redirects.py:35] NOTE: Redirects are currently not supported in MacOs.
tests/integration/test_retained_model_search.py::test_retained_width_round[anycostfl]
tests/integration/test_retained_model_search.py::test_retained_width_round[fedrolex]
tests/integration/test_retained_model_search.py::test_retained_width_round[heterofl]
tests/integration/test_retained_model_search.py::test_retained_activated_budget[anycostfl]
tests/integration/test_retained_model_search.py::test_retained_activated_budget[fedrolex]
tests/integration/test_retained_model_search.py::test_retained_activated_budget[heterofl]
tests/integration/test_retained_model_search.py::test_sysheterofl_subnet_round
tests/integration/test_retained_model_search.py::test_dlg_model_update[lenet]
tests/integration/test_retained_model_search.py::test_dlg_model_update[resnet_18]
tests/integration/test_retained_model_search.py::test_local_retired_selection[anycostfl]
tests/integration/test_retained_model_search.py::test_local_retired_selection[fedrolex]
tests/integration/test_retained_model_search.py::test_local_retired_selection[heterofl]
tests/integration/test_retained_model_search.py::test_local_retired_selection[dlg]
tests/integration/test_retained_model_search.py::test_retained_entrypoint_import[anycostfl-root]
tests/integration/test_retained_model_search.py::test_retained_entrypoint_import[anycostfl-example]
tests/integration/test_retained_model_search.py::test_retained_entrypoint_import[fedrolex-root]
tests/integration/test_retained_model_search.py::test_retained_entrypoint_import[fedrolex-example]
tests/integration/test_retained_model_search.py::test_retained_entrypoint_import[heterofl-root]
tests/integration/test_retained_model_search.py::test_retained_entrypoint_import[heterofl-example]

19 tests collected in 0.01s
