tests/integration/test_event_loop_startup.py::test_fresh_entrypoint_executes_scheduled_work[client_default-client_body]
tests/integration/test_event_loop_startup.py::test_fresh_entrypoint_executes_scheduled_work[client_custom-client_body]
tests/integration/test_event_loop_startup.py::test_fresh_entrypoint_executes_scheduled_work[ordinary-periodic_body]
tests/integration/test_event_loop_startup.py::test_fresh_entrypoint_executes_scheduled_work[central-periodic_body]
tests/integration/test_event_loop_startup.py::test_fresh_entrypoint_executes_scheduled_work[direct-server_body]
tests/integration/test_event_loop_startup.py::test_fresh_entrypoint_executes_scheduled_work[edge_default-client_body]
tests/integration/test_event_loop_startup.py::test_fresh_entrypoint_executes_scheduled_work[edge_custom-client_body]
tests/integration/test_event_loop_startup.py::test_active_failure_reaches_synchronous_caller[client_custom-client-sentinel]
tests/integration/test_event_loop_startup.py::test_active_failure_reaches_synchronous_caller[ordinary-periodic-sentinel]
tests/integration/test_event_loop_startup.py::test_active_failure_reaches_synchronous_caller[central-periodic-sentinel]
tests/integration/test_event_loop_startup.py::test_active_failure_reaches_synchronous_caller[edge_custom-client-sentinel]
tests/integration/test_event_loop_startup.py::test_preconstructed_borrowed_loop_resources_survive[client_lifecycle-False]
tests/integration/test_event_loop_startup.py::test_preconstructed_borrowed_loop_resources_survive[client_lifecycle-True]
tests/integration/test_event_loop_startup.py::test_preconstructed_borrowed_loop_resources_survive[ordinary-False]
tests/integration/test_event_loop_startup.py::test_preconstructed_borrowed_loop_resources_survive[ordinary-True]
tests/integration/test_event_loop_startup.py::test_owned_client_finalizes_tasks_generators_and_executor[False]
tests/integration/test_event_loop_startup.py::test_owned_client_finalizes_tasks_generators_and_executor[True]
tests/integration/test_event_loop_startup.py::test_repeated_owned_client_entrypoints
tests/integration/test_event_loop_startup.py::test_explicitly_absent_loop_on_server_and_edge[ordinary]
tests/integration/test_event_loop_startup.py::test_explicitly_absent_loop_on_server_and_edge[central]
tests/integration/test_event_loop_startup.py::test_explicitly_absent_loop_on_server_and_edge[edge_default]
tests/integration/test_event_loop_startup.py::test_explicitly_absent_loop_on_server_and_edge[edge_custom]
tests/integration/test_event_loop_startup.py::test_closed_current_client_loop_is_replaced
tests/integration/test_event_loop_startup.py::test_running_loop_rejected_before_entrypoint_resources
tests/integration/test_event_loop_startup.py::test_delegating_server_consumes_same_borrowed_loop
tests/integration/test_event_loop_startup.py::test_owned_server_fallback_finalizes_its_resources[False]
tests/integration/test_event_loop_startup.py::test_owned_server_fallback_finalizes_its_resources[True]
tests/integration/test_event_loop_startup.py::test_cancellation_already_finalizing_is_not_interrupted
tests/integration/test_event_loop_startup.py::test_runner_cleanup_error_keeps_original_client_exception
tests/integration/test_event_loop_startup.py::test_configure_failure_is_preserved_before_main_coroutine
tests/integration/test_event_loop_startup.py::test_missing_external_edge_client_preserves_value_error
tests/integration/test_event_loop_startup.py::test_client_control_flow_keeps_original_exception[interrupt--2-KeyboardInterrupt]
tests/integration/test_event_loop_startup.py::test_client_control_flow_keeps_original_exception[exit-7-SystemExit]
tests/integration/test_event_loop_startup.py::test_active_edge_failure_unwinds_real_aiohttp
tests/integration/test_event_loop_startup.py::test_edge_cancellation_error_keeps_independent_setup_error
tests/integration/test_event_loop_startup.py::test_independent_runtime_error_is_not_mistaken_for_monitor_stop
tests/integration/test_event_loop_startup.py::test_server_error_precedence_and_cooperative_teardown[options0-setup-sentinel]
tests/integration/test_event_loop_startup.py::test_server_error_precedence_and_cooperative_teardown[options1-None]
tests/integration/test_event_loop_startup.py::test_server_error_precedence_and_cooperative_teardown[options2-periodic-sentinel]
tests/integration/test_event_loop_startup.py::test_server_error_precedence_and_cooperative_teardown[options3-start-sentinel]
tests/integration/test_event_loop_startup.py::test_server_error_precedence_and_cooperative_teardown[options4-periodic-finalizer]
tests/integration/test_event_loop_startup.py::test_noncooperative_teardown_is_watchdog_containment[task]
tests/integration/test_event_loop_startup.py::test_noncooperative_teardown_is_watchdog_containment[generator]
tests/integration/test_event_loop_startup.py::test_noncooperative_teardown_is_watchdog_containment[executor]
tests/integration/test_event_loop_startup.py::test_noncooperative_teardown_is_watchdog_containment[aiohttp_task]
tests/integration/test_event_loop_startup.py::test_real_two_client_cpu_socket_round
tests/integration/test_event_loop_startup.py::test_post_launch_failure_keeps_primary_error_and_contains_children
tests/integration/test_event_loop_startup.py::test_stalled_real_client_is_contained_without_round_success
tests/integration/test_feddyn_entrypoint.py::test_actual_shipped_run_resume_matches_four_round_control_and_rng[uniform]
tests/integration/test_feddyn_entrypoint.py::test_actual_shipped_run_resume_matches_four_round_control_and_rng[sample]
tests/integration/test_feddyn_entrypoint.py::test_shipped_mnist_shaped_lenet_spawn_and_real_socket_cloud

test profile: core scope (native excluded)
51/1424 tests collected (1373 deselected) in 0.38s
