{
   "mediaType": "application/vnd.docker.distribution.manifest.list.v2+json",
   "schemaVersion": 2,
   "manifests": [
      {
         "mediaType": "application/vnd.docker.distribution.manifest.v2+json",
         "digest": "sha256:2396393dc8a031a6faf810894ec8e40c8d80e2a1177cfda0c2bf81acac9aa240",
         "size": 3252,
         "platform": {
            "architecture": "arm64",
            "os": "linux"
         }
      },
      {
         "mediaType": "application/vnd.docker.distribution.manifest.v2+json",
         "digest": "sha256:7d56ebe2b7cd864a60dca3c8b2d0a39f8fc110417e8253e32505c3387f59119c",
         "size": 3254,
         "platform": {
            "architecture": "amd64",
            "os": "linux"
         }
      }
   ]
}