Traceback (most recent call last):
  File "/tmp/plato-phase2-root/merged_checkpoint_resume_probe.py", line 34, in <module>
    with configure_environment(config, runtime_root=case_root):
         ~~~~~~~~~~~~~~~~~~~~~^^^^^^^^^^^^^^^^^^^^^^^^^^^^^^^^
  File "/Users/bli/.local/share/uv/python/cpython-3.13.16-macos-aarch64-none/lib/python3.13/contextlib.py", line 141, in __enter__
    return next(self.gen)
  File "/tmp/plato-phase2-root/1fe-source-archive/tests/integration/utils.py", line 147, in configure_environment
    toml_writer.dump(config_data, config_path)
    ~~~~~~~~~~~~~~~~^^^^^^^^^^^^^^^^^^^^^^^^^^
  File "/tmp/plato-phase2-root/1fe-source-archive/plato/utils/toml_writer.py", line 34, in dump
    path.write_text(dumps(data, comments=comments), encoding="utf-8")
    ~~~~~~~~~~~~~~~^^^^^^^^^^^^^^^^^^^^^^^^^^^^^^^^^^^^^^^^^^^^^^^^^^
  File "/Users/bli/.local/share/uv/python/cpython-3.13.16-macos-aarch64-none/lib/python3.13/pathlib/_local.py", line 555, in write_text
    return PathBase.write_text(self, data, encoding, errors, newline)
           ~~~~~~~~~~~~~~~~~~~^^^^^^^^^^^^^^^^^^^^^^^^^^^^^^^^^^^^^^^
  File "/Users/bli/.local/share/uv/python/cpython-3.13.16-macos-aarch64-none/lib/python3.13/pathlib/_abc.py", line 651, in write_text
    with self.open(mode='w', encoding=encoding, errors=errors, newline=newline) as f:
         ~~~~~~~~~^^^^^^^^^^^^^^^^^^^^^^^^^^^^^^^^^^^^^^^^^^^^^^^^^^^^^^^^^^^^^
  File "/Users/bli/.local/share/uv/python/cpython-3.13.16-macos-aarch64-none/lib/python3.13/pathlib/_local.py", line 537, in open
    return io.open(self, mode, buffering, encoding, errors, newline)
           ~~~~~~~^^^^^^^^^^^^^^^^^^^^^^^^^^^^^^^^^^^^^^^^^^^^^^^^^^
FileNotFoundError: [Errno 2] No such file or directory: '/private/tmp/plato-phase2-root/merged-resume-313-cases/case-0/config.toml'
