FFFF..F.FFFF.FFFFF                                                       [100%]
=================================== FAILURES ===================================
_ test_unapproved_full_partition_is_rejected_even_without_deselection[runtime and not retained_model_search and not startup_containment] _

policy = namespace(__name__='isolated_plato_profile', __builtins__={'__name__': 'builtins', '__doc__': "Built-in functions, typ...t_configure=<function pytest_configure at 0x11e065260>, _ProfileChecks=<class 'isolated_plato_profile._ProfileChecks'>)
tmp_path = PosixPath('/private/var/folders/0r/lfhfy6314g5frp1hpbdzx0nc0000gp/T/pytest-of-bli/pytest-243/test_unapproved_full_partition0')
partition = 'runtime and not retained_model_search and not startup_containment'

    @pytest.mark.parametrize(
        "partition",
        [
            "runtime and not retained_model_search and not startup_containment",
            "runtime and (not retained_model_search)",
            "not retained_model_search and runtime",
            "runtime or retained_model_search",
        ],
    )
    def test_unapproved_full_partition_is_rejected_even_without_deselection(
        policy, tmp_path, partition
    ):
>       with pytest.raises(pytest.UsageError, match="unapproved full-suite partition"):
             ^^^^^^^^^^^^^^^^^^^^^^^^^^^^^^^^^^^^^^^^^^^^^^^^^^^^^^^^^^^^^^^^^^^^^^^^^
E       Failed: DID NOT RAISE UsageError

tests/test_model_search_profile_contract.py:157: Failed
_ test_unapproved_full_partition_is_rejected_even_without_deselection[runtime and (not retained_model_search)] _

policy = namespace(__name__='isolated_plato_profile', __builtins__={'__name__': 'builtins', '__doc__': "Built-in functions, typ...t_configure=<function pytest_configure at 0x11e065260>, _ProfileChecks=<class 'isolated_plato_profile._ProfileChecks'>)
tmp_path = PosixPath('/private/var/folders/0r/lfhfy6314g5frp1hpbdzx0nc0000gp/T/pytest-of-bli/pytest-243/test_unapproved_full_partition1')
partition = 'runtime and (not retained_model_search)'

    @pytest.mark.parametrize(
        "partition",
        [
            "runtime and not retained_model_search and not startup_containment",
            "runtime and (not retained_model_search)",
            "not retained_model_search and runtime",
            "runtime or retained_model_search",
        ],
    )
    def test_unapproved_full_partition_is_rejected_even_without_deselection(
        policy, tmp_path, partition
    ):
>       with pytest.raises(pytest.UsageError, match="unapproved full-suite partition"):
             ^^^^^^^^^^^^^^^^^^^^^^^^^^^^^^^^^^^^^^^^^^^^^^^^^^^^^^^^^^^^^^^^^^^^^^^^^
E       Failed: DID NOT RAISE UsageError

tests/test_model_search_profile_contract.py:157: Failed
_ test_unapproved_full_partition_is_rejected_even_without_deselection[not retained_model_search and runtime] _

policy = namespace(__name__='isolated_plato_profile', __builtins__={'__name__': 'builtins', '__doc__': "Built-in functions, typ...t_configure=<function pytest_configure at 0x11e065260>, _ProfileChecks=<class 'isolated_plato_profile._ProfileChecks'>)
tmp_path = PosixPath('/private/var/folders/0r/lfhfy6314g5frp1hpbdzx0nc0000gp/T/pytest-of-bli/pytest-243/test_unapproved_full_partition2')
partition = 'not retained_model_search and runtime'

    @pytest.mark.parametrize(
        "partition",
        [
            "runtime and not retained_model_search and not startup_containment",
            "runtime and (not retained_model_search)",
            "not retained_model_search and runtime",
            "runtime or retained_model_search",
        ],
    )
    def test_unapproved_full_partition_is_rejected_even_without_deselection(
        policy, tmp_path, partition
    ):
>       with pytest.raises(pytest.UsageError, match="unapproved full-suite partition"):
             ^^^^^^^^^^^^^^^^^^^^^^^^^^^^^^^^^^^^^^^^^^^^^^^^^^^^^^^^^^^^^^^^^^^^^^^^^
E       Failed: DID NOT RAISE UsageError

tests/test_model_search_profile_contract.py:157: Failed
_ test_unapproved_full_partition_is_rejected_even_without_deselection[runtime or retained_model_search] _

policy = namespace(__name__='isolated_plato_profile', __builtins__={'__name__': 'builtins', '__doc__': "Built-in functions, typ...t_configure=<function pytest_configure at 0x11e065260>, _ProfileChecks=<class 'isolated_plato_profile._ProfileChecks'>)
tmp_path = PosixPath('/private/var/folders/0r/lfhfy6314g5frp1hpbdzx0nc0000gp/T/pytest-of-bli/pytest-243/test_unapproved_full_partition3')
partition = 'runtime or retained_model_search'

    @pytest.mark.parametrize(
        "partition",
        [
            "runtime and not retained_model_search and not startup_containment",
            "runtime and (not retained_model_search)",
            "not retained_model_search and runtime",
            "runtime or retained_model_search",
        ],
    )
    def test_unapproved_full_partition_is_rejected_even_without_deselection(
        policy, tmp_path, partition
    ):
>       with pytest.raises(pytest.UsageError, match="unapproved full-suite partition"):
             ^^^^^^^^^^^^^^^^^^^^^^^^^^^^^^^^^^^^^^^^^^^^^^^^^^^^^^^^^^^^^^^^^^^^^^^^^
E       Failed: DID NOT RAISE UsageError

tests/test_model_search_profile_contract.py:157: Failed
____ test_core_runtime_required_presence_and_pass_checks[retained-startup] _____

policy = namespace(__name__='isolated_plato_profile', __builtins__={'__name__': 'builtins', '__doc__': "Built-in functions, typ...t_configure=<function pytest_configure at 0x11e065260>, _ProfileChecks=<class 'isolated_plato_profile._ProfileChecks'>)
tmp_path = PosixPath('/private/var/folders/0r/lfhfy6314g5frp1hpbdzx0nc0000gp/T/pytest-of-bli/pytest-243/test_core_runtime_required_pre2')
damage = 'retained-startup'

    @pytest.mark.parametrize(
        "damage", ["runtime-node", "startup-count", "retained-startup", "not-passed"]
    )
    def test_core_runtime_required_presence_and_pass_checks(policy, tmp_path, damage):
        checks = policy._ProfileChecks(
            _config(tmp_path, CORE_RUNTIME, collectonly=damage != "not-passed")
        )
        items = _startup(policy, tmp_path)
        if damage == "runtime-node":
            items = [item for item in items if item.nodeid not in policy._RUNTIME]
        elif damage == "startup-count":
            items.append(_item(tmp_path, items[0].nodeid + "[extra]", "runtime"))
        elif damage == "retained-startup":
            removed = items.pop(0)
            checks.pytest_deselected(
                [_item(tmp_path, removed.nodeid, "runtime", "retained_model_search")]
            )
>           assert not checks.violations
E           AssertionError: assert not ['unexpected deselection: tests/integration/test_event_loop_startup.py::test_fresh_entrypoint_executes_scheduled_work[0]']
E            +  where ['unexpected deselection: tests/integration/test_event_loop_startup.py::test_fresh_entrypoint_executes_scheduled_work[0]'] = <isolated_plato_profile._ProfileChecks object at 0x11dfe29c0>.violations

tests/test_model_search_profile_contract.py:178: AssertionError
_______ test_dedicated_retained_cannot_drop_or_duplicate_cases[missing] ________

policy = namespace(__name__='isolated_plato_profile', __builtins__={'__name__': 'builtins', '__doc__': "Built-in functions, typ...t_configure=<function pytest_configure at 0x11e065260>, _ProfileChecks=<class 'isolated_plato_profile._ProfileChecks'>)
tmp_path = PosixPath('/private/var/folders/0r/lfhfy6314g5frp1hpbdzx0nc0000gp/T/pytest-of-bli/pytest-243/test_dedicated_retained_cannot0')
damage = 'missing'

    @pytest.mark.parametrize(
        "damage",
        [
            "missing",
            "duplicate",
            "extra",
            "not-passed",
            "deselected",
            "missing-runtime-marker",
        ],
    )
    def test_dedicated_retained_cannot_drop_or_duplicate_cases(policy, tmp_path, damage):
        checks = policy._ProfileChecks(
            _config(
                tmp_path,
                "retained_model_search",
                args=[RETAINED_MODULE],
                collectonly=damage != "not-passed",
            )
        )
        items = _retained(tmp_path)
        if damage in {"missing", "deselected"}:
            removed = items.pop()
            if damage == "deselected":
                checks.pytest_deselected([removed])
        elif damage == "duplicate":
            items.append(items[0])
        elif damage == "extra":
            items.append(
                _item(
                    tmp_path,
                    RETAINED_MODULE + "::test_extra",
                    "runtime",
                    "retained_model_search",
                )
            )
        elif damage == "missing-runtime-marker":
            items[0] = _item(tmp_path, items[0].nodeid, "retained_model_search")
            with pytest.raises(
                pytest.UsageError, match="retained cases require both markers"
            ):
                checks.pytest_collection_modifyitems(items)
            return
        session = _finish(checks, items, passed=damage != "not-passed")
>       assert session.exitstatus == pytest.ExitCode.TESTS_FAILED
E       AssertionError: assert <ExitCode.OK: 0> == <ExitCode.TESTS_FAILED: 1>
E        +  where <ExitCode.OK: 0> = namespace(items=[_Item(nodeid='tests/integration/test_retained_model_search.py::test_retained_width_round[anycostfl]',...est_retained_model_search.py'), markers=frozenset({'runtime', 'retained_model_search'}))], exitstatus=<ExitCode.OK: 0>).exitstatus
E        +  and   <ExitCode.TESTS_FAILED: 1> = <enum 'ExitCode'>.TESTS_FAILED
E        +    where <enum 'ExitCode'> = pytest.ExitCode

tests/test_model_search_profile_contract.py:305: AssertionError
______ test_dedicated_retained_cannot_drop_or_duplicate_cases[duplicate] _______

policy = namespace(__name__='isolated_plato_profile', __builtins__={'__name__': 'builtins', '__doc__': "Built-in functions, typ...t_configure=<function pytest_configure at 0x11e065260>, _ProfileChecks=<class 'isolated_plato_profile._ProfileChecks'>)
tmp_path = PosixPath('/private/var/folders/0r/lfhfy6314g5frp1hpbdzx0nc0000gp/T/pytest-of-bli/pytest-243/test_dedicated_retained_cannot1')
damage = 'duplicate'

    @pytest.mark.parametrize(
        "damage",
        [
            "missing",
            "duplicate",
            "extra",
            "not-passed",
            "deselected",
            "missing-runtime-marker",
        ],
    )
    def test_dedicated_retained_cannot_drop_or_duplicate_cases(policy, tmp_path, damage):
        checks = policy._ProfileChecks(
            _config(
                tmp_path,
                "retained_model_search",
                args=[RETAINED_MODULE],
                collectonly=damage != "not-passed",
            )
        )
        items = _retained(tmp_path)
        if damage in {"missing", "deselected"}:
            removed = items.pop()
            if damage == "deselected":
                checks.pytest_deselected([removed])
        elif damage == "duplicate":
            items.append(items[0])
        elif damage == "extra":
            items.append(
                _item(
                    tmp_path,
                    RETAINED_MODULE + "::test_extra",
                    "runtime",
                    "retained_model_search",
                )
            )
        elif damage == "missing-runtime-marker":
            items[0] = _item(tmp_path, items[0].nodeid, "retained_model_search")
            with pytest.raises(
                pytest.UsageError, match="retained cases require both markers"
            ):
                checks.pytest_collection_modifyitems(items)
            return
        session = _finish(checks, items, passed=damage != "not-passed")
>       assert session.exitstatus == pytest.ExitCode.TESTS_FAILED
E       AssertionError: assert <ExitCode.OK: 0> == <ExitCode.TESTS_FAILED: 1>
E        +  where <ExitCode.OK: 0> = namespace(items=[_Item(nodeid='tests/integration/test_retained_model_search.py::test_retained_width_round[anycostfl]',...est_retained_model_search.py'), markers=frozenset({'runtime', 'retained_model_search'}))], exitstatus=<ExitCode.OK: 0>).exitstatus
E        +  and   <ExitCode.TESTS_FAILED: 1> = <enum 'ExitCode'>.TESTS_FAILED
E        +    where <enum 'ExitCode'> = pytest.ExitCode

tests/test_model_search_profile_contract.py:305: AssertionError
________ test_dedicated_retained_cannot_drop_or_duplicate_cases[extra] _________

policy = namespace(__name__='isolated_plato_profile', __builtins__={'__name__': 'builtins', '__doc__': "Built-in functions, typ...t_configure=<function pytest_configure at 0x11e065260>, _ProfileChecks=<class 'isolated_plato_profile._ProfileChecks'>)
tmp_path = PosixPath('/private/var/folders/0r/lfhfy6314g5frp1hpbdzx0nc0000gp/T/pytest-of-bli/pytest-243/test_dedicated_retained_cannot2')
damage = 'extra'

    @pytest.mark.parametrize(
        "damage",
        [
            "missing",
            "duplicate",
            "extra",
            "not-passed",
            "deselected",
            "missing-runtime-marker",
        ],
    )
    def test_dedicated_retained_cannot_drop_or_duplicate_cases(policy, tmp_path, damage):
        checks = policy._ProfileChecks(
            _config(
                tmp_path,
                "retained_model_search",
                args=[RETAINED_MODULE],
                collectonly=damage != "not-passed",
            )
        )
        items = _retained(tmp_path)
        if damage in {"missing", "deselected"}:
            removed = items.pop()
            if damage == "deselected":
                checks.pytest_deselected([removed])
        elif damage == "duplicate":
            items.append(items[0])
        elif damage == "extra":
            items.append(
                _item(
                    tmp_path,
                    RETAINED_MODULE + "::test_extra",
                    "runtime",
                    "retained_model_search",
                )
            )
        elif damage == "missing-runtime-marker":
            items[0] = _item(tmp_path, items[0].nodeid, "retained_model_search")
            with pytest.raises(
                pytest.UsageError, match="retained cases require both markers"
            ):
                checks.pytest_collection_modifyitems(items)
            return
        session = _finish(checks, items, passed=damage != "not-passed")
>       assert session.exitstatus == pytest.ExitCode.TESTS_FAILED
E       AssertionError: assert <ExitCode.OK: 0> == <ExitCode.TESTS_FAILED: 1>
E        +  where <ExitCode.OK: 0> = namespace(items=[_Item(nodeid='tests/integration/test_retained_model_search.py::test_retained_width_round[anycostfl]',...est_retained_model_search.py'), markers=frozenset({'runtime', 'retained_model_search'}))], exitstatus=<ExitCode.OK: 0>).exitstatus
E        +  and   <ExitCode.TESTS_FAILED: 1> = <enum 'ExitCode'>.TESTS_FAILED
E        +    where <enum 'ExitCode'> = pytest.ExitCode

tests/test_model_search_profile_contract.py:305: AssertionError
______ test_dedicated_retained_cannot_drop_or_duplicate_cases[not-passed] ______

policy = namespace(__name__='isolated_plato_profile', __builtins__={'__name__': 'builtins', '__doc__': "Built-in functions, typ...t_configure=<function pytest_configure at 0x11e065260>, _ProfileChecks=<class 'isolated_plato_profile._ProfileChecks'>)
tmp_path = PosixPath('/private/var/folders/0r/lfhfy6314g5frp1hpbdzx0nc0000gp/T/pytest-of-bli/pytest-243/test_dedicated_retained_cannot3')
damage = 'not-passed'

    @pytest.mark.parametrize(
        "damage",
        [
            "missing",
            "duplicate",
            "extra",
            "not-passed",
            "deselected",
            "missing-runtime-marker",
        ],
    )
    def test_dedicated_retained_cannot_drop_or_duplicate_cases(policy, tmp_path, damage):
        checks = policy._ProfileChecks(
            _config(
                tmp_path,
                "retained_model_search",
                args=[RETAINED_MODULE],
                collectonly=damage != "not-passed",
            )
        )
        items = _retained(tmp_path)
        if damage in {"missing", "deselected"}:
            removed = items.pop()
            if damage == "deselected":
                checks.pytest_deselected([removed])
        elif damage == "duplicate":
            items.append(items[0])
        elif damage == "extra":
            items.append(
                _item(
                    tmp_path,
                    RETAINED_MODULE + "::test_extra",
                    "runtime",
                    "retained_model_search",
                )
            )
        elif damage == "missing-runtime-marker":
            items[0] = _item(tmp_path, items[0].nodeid, "retained_model_search")
            with pytest.raises(
                pytest.UsageError, match="retained cases require both markers"
            ):
                checks.pytest_collection_modifyitems(items)
            return
        session = _finish(checks, items, passed=damage != "not-passed")
>       assert session.exitstatus == pytest.ExitCode.TESTS_FAILED
E       AssertionError: assert <ExitCode.OK: 0> == <ExitCode.TESTS_FAILED: 1>
E        +  where <ExitCode.OK: 0> = namespace(items=[_Item(nodeid='tests/integration/test_retained_model_search.py::test_retained_width_round[anycostfl]',...est_retained_model_search.py'), markers=frozenset({'runtime', 'retained_model_search'}))], exitstatus=<ExitCode.OK: 0>).exitstatus
E        +  and   <ExitCode.TESTS_FAILED: 1> = <enum 'ExitCode'>.TESTS_FAILED
E        +    where <enum 'ExitCode'> = pytest.ExitCode

tests/test_model_search_profile_contract.py:305: AssertionError
_ test_dedicated_retained_cannot_drop_or_duplicate_cases[missing-runtime-marker] _

policy = namespace(__name__='isolated_plato_profile', __builtins__={'__name__': 'builtins', '__doc__': "Built-in functions, typ...t_configure=<function pytest_configure at 0x11e065260>, _ProfileChecks=<class 'isolated_plato_profile._ProfileChecks'>)
tmp_path = PosixPath('/private/var/folders/0r/lfhfy6314g5frp1hpbdzx0nc0000gp/T/pytest-of-bli/pytest-243/test_dedicated_retained_cannot5')
damage = 'missing-runtime-marker'

    @pytest.mark.parametrize(
        "damage",
        [
            "missing",
            "duplicate",
            "extra",
            "not-passed",
            "deselected",
            "missing-runtime-marker",
        ],
    )
    def test_dedicated_retained_cannot_drop_or_duplicate_cases(policy, tmp_path, damage):
        checks = policy._ProfileChecks(
            _config(
                tmp_path,
                "retained_model_search",
                args=[RETAINED_MODULE],
                collectonly=damage != "not-passed",
            )
        )
        items = _retained(tmp_path)
        if damage in {"missing", "deselected"}:
            removed = items.pop()
            if damage == "deselected":
                checks.pytest_deselected([removed])
        elif damage == "duplicate":
            items.append(items[0])
        elif damage == "extra":
            items.append(
                _item(
                    tmp_path,
                    RETAINED_MODULE + "::test_extra",
                    "runtime",
                    "retained_model_search",
                )
            )
        elif damage == "missing-runtime-marker":
            items[0] = _item(tmp_path, items[0].nodeid, "retained_model_search")
>           with pytest.raises(
                pytest.UsageError, match="retained cases require both markers"
            ):
E           Failed: DID NOT RAISE UsageError

tests/test_model_search_profile_contract.py:299: Failed
______________ test_dedicated_retained_rejects_filters[options0] _______________

policy = namespace(__name__='isolated_plato_profile', __builtins__={'__name__': 'builtins', '__doc__': "Built-in functions, typ...t_configure=<function pytest_configure at 0x11e065260>, _ProfileChecks=<class 'isolated_plato_profile._ProfileChecks'>)
tmp_path = PosixPath('/private/var/folders/0r/lfhfy6314g5frp1hpbdzx0nc0000gp/T/pytest-of-bli/pytest-243/test_dedicated_retained_reject0')
options = {'keyword': 'not anycostfl'}

    @pytest.mark.parametrize(
        "options",
        [
            {"keyword": "not anycostfl"},
            {"ignore": ["tests/x.py"]},
            {"ignore_glob": ["*x*"]},
            {"deselect": ["tests/x.py::test_x"]},
        ],
    )
    def test_dedicated_retained_rejects_filters(policy, tmp_path, options):
>       with pytest.raises(
            pytest.UsageError, match="retained qualification does not permit filters"
        ):
E       Failed: DID NOT RAISE UsageError

tests/test_model_search_profile_contract.py:319: Failed
______________ test_dedicated_retained_rejects_filters[options1] _______________

policy = namespace(__name__='isolated_plato_profile', __builtins__={'__name__': 'builtins', '__doc__': "Built-in functions, typ...t_configure=<function pytest_configure at 0x11e065260>, _ProfileChecks=<class 'isolated_plato_profile._ProfileChecks'>)
tmp_path = PosixPath('/private/var/folders/0r/lfhfy6314g5frp1hpbdzx0nc0000gp/T/pytest-of-bli/pytest-243/test_dedicated_retained_reject1')
options = {'ignore': ['tests/x.py']}

    @pytest.mark.parametrize(
        "options",
        [
            {"keyword": "not anycostfl"},
            {"ignore": ["tests/x.py"]},
            {"ignore_glob": ["*x*"]},
            {"deselect": ["tests/x.py::test_x"]},
        ],
    )
    def test_dedicated_retained_rejects_filters(policy, tmp_path, options):
>       with pytest.raises(
            pytest.UsageError, match="retained qualification does not permit filters"
        ):
E       Failed: DID NOT RAISE UsageError

tests/test_model_search_profile_contract.py:319: Failed
______________ test_dedicated_retained_rejects_filters[options2] _______________

policy = namespace(__name__='isolated_plato_profile', __builtins__={'__name__': 'builtins', '__doc__': "Built-in functions, typ...t_configure=<function pytest_configure at 0x11e065260>, _ProfileChecks=<class 'isolated_plato_profile._ProfileChecks'>)
tmp_path = PosixPath('/private/var/folders/0r/lfhfy6314g5frp1hpbdzx0nc0000gp/T/pytest-of-bli/pytest-243/test_dedicated_retained_reject2')
options = {'ignore_glob': ['*x*']}

    @pytest.mark.parametrize(
        "options",
        [
            {"keyword": "not anycostfl"},
            {"ignore": ["tests/x.py"]},
            {"ignore_glob": ["*x*"]},
            {"deselect": ["tests/x.py::test_x"]},
        ],
    )
    def test_dedicated_retained_rejects_filters(policy, tmp_path, options):
>       with pytest.raises(
            pytest.UsageError, match="retained qualification does not permit filters"
        ):
E       Failed: DID NOT RAISE UsageError

tests/test_model_search_profile_contract.py:319: Failed
______________ test_dedicated_retained_rejects_filters[options3] _______________

policy = namespace(__name__='isolated_plato_profile', __builtins__={'__name__': 'builtins', '__doc__': "Built-in functions, typ...t_configure=<function pytest_configure at 0x11e065260>, _ProfileChecks=<class 'isolated_plato_profile._ProfileChecks'>)
tmp_path = PosixPath('/private/var/folders/0r/lfhfy6314g5frp1hpbdzx0nc0000gp/T/pytest-of-bli/pytest-243/test_dedicated_retained_reject3')
options = {'deselect': ['tests/x.py::test_x']}

    @pytest.mark.parametrize(
        "options",
        [
            {"keyword": "not anycostfl"},
            {"ignore": ["tests/x.py"]},
            {"ignore_glob": ["*x*"]},
            {"deselect": ["tests/x.py::test_x"]},
        ],
    )
    def test_dedicated_retained_rejects_filters(policy, tmp_path, options):
>       with pytest.raises(
            pytest.UsageError, match="retained qualification does not permit filters"
        ):
E       Failed: DID NOT RAISE UsageError

tests/test_model_search_profile_contract.py:319: Failed
test profile: core scope (native excluded)
=========================== short test summary info ============================
FAILED tests/test_model_search_profile_contract.py::test_unapproved_full_partition_is_rejected_even_without_deselection[runtime and not retained_model_search and not startup_containment]
FAILED tests/test_model_search_profile_contract.py::test_unapproved_full_partition_is_rejected_even_without_deselection[runtime and (not retained_model_search)]
FAILED tests/test_model_search_profile_contract.py::test_unapproved_full_partition_is_rejected_even_without_deselection[not retained_model_search and runtime]
FAILED tests/test_model_search_profile_contract.py::test_unapproved_full_partition_is_rejected_even_without_deselection[runtime or retained_model_search]
FAILED tests/test_model_search_profile_contract.py::test_core_runtime_required_presence_and_pass_checks[retained-startup]
FAILED tests/test_model_search_profile_contract.py::test_dedicated_retained_cannot_drop_or_duplicate_cases[missing]
FAILED tests/test_model_search_profile_contract.py::test_dedicated_retained_cannot_drop_or_duplicate_cases[duplicate]
FAILED tests/test_model_search_profile_contract.py::test_dedicated_retained_cannot_drop_or_duplicate_cases[extra]
FAILED tests/test_model_search_profile_contract.py::test_dedicated_retained_cannot_drop_or_duplicate_cases[not-passed]
FAILED tests/test_model_search_profile_contract.py::test_dedicated_retained_cannot_drop_or_duplicate_cases[missing-runtime-marker]
FAILED tests/test_model_search_profile_contract.py::test_dedicated_retained_rejects_filters[options0]
FAILED tests/test_model_search_profile_contract.py::test_dedicated_retained_rejects_filters[options1]
FAILED tests/test_model_search_profile_contract.py::test_dedicated_retained_rejects_filters[options2]
FAILED tests/test_model_search_profile_contract.py::test_dedicated_retained_rejects_filters[options3]
14 failed, 4 passed, 53 deselected in 0.40s
