cwd: /var/folders/0r/lfhfy6314g5frp1hpbdzx0nc0000gp/T/plato-package-pkc22fwe
command: ["/var/folders/0r/lfhfy6314g5frp1hpbdzx0nc0000gp/T/plato-package-pkc22fwe/environment/bin/python", "-I", "-c", "\nimport hashlib\nimport importlib\nimport importlib.metadata\nimport json\nimport sys\nfrom pathlib import Path\n\nrepository, wheel_manifest, expected_version, receipt_path = sys.argv[1:]\nrepository = Path(repository).resolve()\nprefix = Path(sys.prefix).resolve()\nassert sys.version_info[:2] == (3, 13), sys.version\nassert not Path.cwd().resolve().is_relative_to(repository), Path.cwd()\ndistribution = importlib.metadata.distribution(\"plato-learn\")\nassert distribution.version == expected_version, distribution.version\ninstalled_root = Path(distribution.locate_file(\".\")).resolve()\nassert installed_root.is_relative_to(prefix), installed_root\nassert not installed_root.is_relative_to(repository), installed_root\nmanifest = json.loads(Path(wheel_manifest).read_text())[\"files\"]\nfor name, digest in manifest.items():\n    if not name.endswith(\".dist-info/RECORD\"):\n        installed_file = Path(distribution.locate_file(name)).resolve()\n        assert installed_file.is_relative_to(prefix), installed_file\n        assert hashlib.sha256(installed_file.read_bytes()).hexdigest() == digest, name\nimports = {}\nfor name in (\n    \"plato\", \"plato.config\", \"plato.utils.tree\", \"torch\", \"torchvision\",\n    \"numpy\", \"scipy\", \"aiohttp\", \"socketio\", \"datasets\", \"transformers\",\n):\n    module = importlib.import_module(name)\n    location = Path(module.__file__).resolve()\n    assert location.is_relative_to(prefix), (name, location, prefix)\n    assert not location.is_relative_to(repository), (name, location)\n    imports[name] = str(location)\nassert importlib.import_module(\"plato\").__version__ == expected_version\nimport torch\nimport torchvision\nassert torch.equal(torch.tensor([1, 2]) + 1, torch.tensor([2, 3]))\nkept = torchvision.ops.nms(\n    torch.tensor([[0., 0., 1., 1.], [0., 0., 1., 1.]]),\n    torch.tensor([1., 0.5]), 0.5,\n)\nassert kept.tolist() == [0], kept\npackages = {\n    item.metadata[\"Name\"]: item.version\n    for item in importlib.metadata.distributions()\n}\ndirect_url = json.loads(distribution.read_text(\"direct_url.json\"))\nassert \"archive_info\" in direct_url and \"dir_info\" not in direct_url, direct_url\nreceipt = {\n    \"python\": sys.version, \"executable\": sys.executable, \"prefix\": sys.prefix,\n    \"cwd\": str(Path.cwd()), \"distribution_root\": str(installed_root),\n    \"version\": distribution.version, \"imports\": imports,\n    \"direct_url\": direct_url,\n    \"installed_payload_matches_wheel\": True,\n    \"cpu_tensor_and_torchvision_operation\": True,\n    \"packages\": dict(sorted(packages.items())),\n}\nPath(receipt_path).write_text(json.dumps(receipt, indent=2) + \"\\n\")\nprint(json.dumps(receipt, indent=2))\n", "/private/tmp/plato-refresh-worktrees/docs-package-binding-release", "/private/tmp/plato-refresh-worktrees/docs-package-binding-release/ci-artifacts/docs-package/wheel-manifest.json", "1.4.3", "/private/tmp/plato-refresh-worktrees/docs-package-binding-release/ci-artifacts/docs-package/installed-wheel.json"]
{
  "python": "3.13.16 (main, Oct  1 2026, 20:54:04) [Clang 22.1.3 ]",
  "executable": "/var/folders/0r/lfhfy6314g5frp1hpbdzx0nc0000gp/T/plato-package-pkc22fwe/environment/bin/python",
  "prefix": "/var/folders/0r/lfhfy6314g5frp1hpbdzx0nc0000gp/T/plato-package-pkc22fwe/environment",
  "cwd": "/private/var/folders/0r/lfhfy6314g5frp1hpbdzx0nc0000gp/T/plato-package-pkc22fwe",
  "distribution_root": "/private/var/folders/0r/lfhfy6314g5frp1hpbdzx0nc0000gp/T/plato-package-pkc22fwe/environment/lib/python3.13/site-packages",
  "version": "1.4.3",
  "imports": {
    "plato": "/private/var/folders/0r/lfhfy6314g5frp1hpbdzx0nc0000gp/T/plato-package-pkc22fwe/environment/lib/python3.13/site-packages/plato/__init__.py",
    "plato.config": "/private/var/folders/0r/lfhfy6314g5frp1hpbdzx0nc0000gp/T/plato-package-pkc22fwe/environment/lib/python3.13/site-packages/plato/config.py",
    "plato.utils.tree": "/private/var/folders/0r/lfhfy6314g5frp1hpbdzx0nc0000gp/T/plato-package-pkc22fwe/environment/lib/python3.13/site-packages/plato/utils/tree.py",
    "torch": "/private/var/folders/0r/lfhfy6314g5frp1hpbdzx0nc0000gp/T/plato-package-pkc22fwe/environment/lib/python3.13/site-packages/torch/__init__.py",
    "torchvision": "/private/var/folders/0r/lfhfy6314g5frp1hpbdzx0nc0000gp/T/plato-package-pkc22fwe/environment/lib/python3.13/site-packages/torchvision/__init__.py",
    "numpy": "/private/var/folders/0r/lfhfy6314g5frp1hpbdzx0nc0000gp/T/plato-package-pkc22fwe/environment/lib/python3.13/site-packages/numpy/__init__.py",
    "scipy": "/private/var/folders/0r/lfhfy6314g5frp1hpbdzx0nc0000gp/T/plato-package-pkc22fwe/environment/lib/python3.13/site-packages/scipy/__init__.py",
    "aiohttp": "/private/var/folders/0r/lfhfy6314g5frp1hpbdzx0nc0000gp/T/plato-package-pkc22fwe/environment/lib/python3.13/site-packages/aiohttp/__init__.py",
    "socketio": "/private/var/folders/0r/lfhfy6314g5frp1hpbdzx0nc0000gp/T/plato-package-pkc22fwe/environment/lib/python3.13/site-packages/socketio/__init__.py",
    "datasets": "/private/var/folders/0r/lfhfy6314g5frp1hpbdzx0nc0000gp/T/plato-package-pkc22fwe/environment/lib/python3.13/site-packages/datasets/__init__.py",
    "transformers": "/private/var/folders/0r/lfhfy6314g5frp1hpbdzx0nc0000gp/T/plato-package-pkc22fwe/environment/lib/python3.13/site-packages/transformers/__init__.py"
  },
  "direct_url": {
    "url": "file:///private/tmp/plato-refresh-worktrees/docs-package-binding-release/ci-artifacts/docs-package/distributions/plato_learn-1.4.3-py3-none-any.whl",
    "archive_info": {}
  },
  "installed_payload_matches_wheel": true,
  "cpu_tensor_and_torchvision_operation": true,
  "packages": {
    "Jinja2": "3.1.6",
    "MarkupSafe": "3.0.3",
    "PySocks": "1.7.1",
    "PyYAML": "6.0.3",
    "Pygments": "2.21.0",
    "accelerate": "1.15.0",
    "aiohappyeyeballs": "2.7.1",
    "aiohttp": "3.14.3",
    "aiosignal": "1.4.0",
    "annotated-doc": "0.0.5",
    "anyio": "4.15.1",
    "attrs": "26.1.0",
    "beautifulsoup4": "4.15.0",
    "bidict": "0.24.1",
    "boto3": "1.43.106",
    "botocore": "1.43.106",
    "certifi": "2026.7.22",
    "charset-normalizer": "3.5.2",
    "click": "8.5.0",
    "datasets": "5.0.1",
    "dill": "0.4.1",
    "evaluate": "0.4.6",
    "filelock": "4.0.9",
    "frozenlist": "1.8.0",
    "fsspec": "2026.6.0",
    "gdown": "6.4.1",
    "h11": "0.16.0",
    "hf-xet": "1.6.0",
    "httpcore": "1.0.9",
    "httpx": "0.28.1",
    "huggingface_hub": "1.33.0",
    "idna": "3.20",
    "jmespath": "1.1.0",
    "markdown-it-py": "4.2.0",
    "mdurl": "0.1.2",
    "mpmath": "1.3.0",
    "multidict": "6.9.1",
    "multiprocess": "0.70.19",
    "munch": "4.0.0",
    "networkx": "3.7",
    "numpy": "2.5.3",
    "packaging": "26.3",
    "pandas": "3.0.6",
    "peft": "0.21.2",
    "pillow": "12.3.0",
    "plato-learn": "1.4.3",
    "propcache": "0.5.4",
    "psutil": "7.2.2",
    "pyarrow": "25.0.1",
    "python-dateutil": "2.9.0.post0",
    "python-engineio": "4.14.0",
    "python-socketio": "5.17.0",
    "pytorch-ranger": "0.1.1",
    "regex": "2026.9.29",
    "requests": "2.34.2",
    "rich": "15.0.0",
    "s3transfer": "0.19.2",
    "safetensors": "0.8.0",
    "scipy": "1.18.1",
    "setuptools": "84.0.0",
    "shellingham": "1.5.4",
    "simple-websocket": "1.1.0",
    "six": "1.17.0",
    "soupsieve": "2.10",
    "sympy": "1.14.0",
    "tenseal": "0.3.18",
    "timm": "1.0.30",
    "tokenizers": "0.23.2",
    "torch": "2.14.1",
    "torch-optimizer": "0.3.0",
    "torchvision": "0.29.1",
    "tqdm": "4.70.1",
    "transformers": "5.18.0",
    "typer": "0.27.2",
    "typing_extensions": "4.16.0",
    "urllib3": "2.8.0",
    "wsproto": "1.3.2",
    "xxhash": "4.0.1",
    "yarl": "1.25.1",
    "zstd": "1.5.7.2"
  }
}
